<testsuites id="" name="" tests="1" failures="0" skipped="0" errors="0" time="3.4237710000000003">
<testsuite name="apiTest.spec.ts" timestamp="2024-08-22T16:43:39.945Z" hostname="chromium" tests="1" failures="0" skipped="0" time="1.298" errors="0">
<testcase name="Get user" classname="apiTest.spec.ts" time="1.298">
<system-out>
<![CDATA[The response is  Promise {
  [36m<pending>[39m,
  [[32mSymbol(async_id_symbol)[39m]: [33m768[39m,
  [[32mSymbol(trigger_async_id_symbol)[39m]: [33m464[39m,
  [[32mSymbol(kResourceStore)[39m]: [90mundefined[39m
}
]]>
</system-out>
</testcase>
</testsuite>
</testsuites>